{"logTime": "1107/073848", "correlationVector":"30TSPqVgrxx6sE4GR+QTTf.1","action":"SyncServerConnectionManagerRequest", "result":"SYNC_SERVER_OK", "context":{"environment":"Prod_SoutheastAsia_000j", "migrationStage":"NotStarted", "server":"GENERAL01000005"}}
{"logTime": "1107/073848", "correlationVector":"2iOFKUzhkuP06bq/wc5mKg","action":"SyncServerConnectionManagerRequest", "result":"SYNC_SERVER_OK", "context":{"environment":"", "migrationStage":"", "server":""}}
{"logTime": "1107/073848", "correlationVector":"30TSPqVgrxx6sE4GR+QTTf","action":"Initial GetUpdates", "result":"", "context":Reason: NEW_CLIENT. cV=30TSPqVgrxx6sE4GR+QTTf}
{"logTime": "1107/073848", "correlationVector":"30TSPqVgrxx6sE4GR+QTTf.2","action":"GetUpdates Response", "result":"Success", "context":Received 1 update(s). cV=30TSPqVgrxx6sE4GR+QTTf.0;server=GENERAL01000005;cloudType=Consumer;environment=Prod_SoutheastAsia_000j;migrationStage=NotStarted}
{"logTime": "1107/073848", "correlationVector":"BB31+MAEIVjAQ0oxtm6pBu","action":"Initial GetUpdates", "result":"", "context":Reason: NEWLY_SUPPORTED_DATATYPE. cV=BB31+MAEIVjAQ0oxtm6pBu}
{"logTime": "1107/073849", "correlationVector":"BB31+MAEIVjAQ0oxtm6pBu.1","action":"SyncServerConnectionManagerRequest", "result":"SYNC_SERVER_OK", "context":{"environment":"Prod_SoutheastAsia_000j", "migrationStage":"NotStarted", "server":"GENERAL03000007"}}
{"logTime": "1107/073849", "correlationVector":"BB31+MAEIVjAQ0oxtm6pBu.2","action":"GetUpdates Response", "result":"Success", "context":Received 79 update(s). cV=BB31+MAEIVjAQ0oxtm6pBu.0;server=GENERAL03000007;cloudType=Consumer;environment=Prod_SoutheastAsia_000j;migrationStage=NotStarted}
{"logTime": "1107/073849", "correlationVector":"nc/88ObJqP3J10Rz5xUe13","action":"Initial GetUpdates", "result":"", "context":Reason: NEWLY_SUPPORTED_DATATYPE. cV=nc/88ObJqP3J10Rz5xUe13}
{"logTime": "1107/073849", "correlationVector":"nc/88ObJqP3J10Rz5xUe13.1","action":"SyncServerConnectionManagerRequest", "result":"SYNC_SERVER_OK", "context":{"environment":"Prod_SoutheastAsia_000j", "migrationStage":"NotStarted", "server":"GENERAL03000020"}}
{"logTime": "1107/073849", "correlationVector":"nc/88ObJqP3J10Rz5xUe13.2","action":"GetUpdates", "result":"DeleteReceived", "context":{"id":"01efd27c-3f91-44bd-b1ad-da64421f69b9", "isDeleted:":"true", "version":"1725844129410"}}
{"logTime": "1107/073849", "correlationVector":"nc/88ObJqP3J10Rz5xUe13.3","action":"GetUpdates", "result":"DeleteReceived", "context":{"id":"75132355-dfcb-436e-a0f8-a7a0ff946ce7", "isDeleted:":"true", "version":"1725844143755"}}
{"logTime": "1107/073849", "correlationVector":"nc/88ObJqP3J10Rz5xUe13.4","action":"GetUpdates", "result":"DeleteReceived", "context":{"id":"75f81a26-9886-4963-889a-958a7b2a4f68", "isDeleted:":"true", "version":"1725929054282"}}
{"logTime": "1107/073849", "correlationVector":"nc/88ObJqP3J10Rz5xUe13.5","action":"GetUpdates Response", "result":"Success", "context":Received 12 update(s). cV=nc/88ObJqP3J10Rz5xUe13.0;server=GENERAL03000020;cloudType=Consumer;environment=Prod_SoutheastAsia_000j;migrationStage=NotStarted}
{"logTime": "1107/073849", "correlationVector":"dxWQTq/VWp90kbRD+ESO3k","action":"Initial GetUpdates", "result":"", "context":Reason: NEWLY_SUPPORTED_DATATYPE. cV=dxWQTq/VWp90kbRD+ESO3k}
{"logTime": "1107/073849", "correlationVector":"dxWQTq/VWp90kbRD+ESO3k.1","action":"SyncServerConnectionManagerRequest", "result":"SYNC_SERVER_OK", "context":{"environment":"Prod_SoutheastAsia_000j", "migrationStage":"NotStarted", "server":"GENERAL0100001E"}}
{"logTime": "1107/073849", "correlationVector":"dxWQTq/VWp90kbRD+ESO3k.2","action":"GetUpdates", "result":"DeleteReceived", "context":{"id":"946f9113-8d74-4827-af41-7e798870e8e6", "isDeleted:":"true", "version":"1724636145097"}}
{"logTime": "1107/073849", "correlationVector":"dxWQTq/VWp90kbRD+ESO3k.3","action":"GetUpdates", "result":"DeleteReceived", "context":{"id":"57920f47-5cf3-4b83-a735-df278a3dbc3d", "isDeleted:":"true", "version":"1724809416454"}}
{"logTime": "1107/073849", "correlationVector":"dxWQTq/VWp90kbRD+ESO3k.4","action":"GetUpdates", "result":"DeleteReceived", "context":{"id":"9fca2f86-9c63-46ec-8efe-1712ae14de94", "isDeleted:":"true", "version":"1724906822040"}}
{"logTime": "1107/073849", "correlationVector":"dxWQTq/VWp90kbRD+ESO3k.5","action":"GetUpdates", "result":"DeleteReceived", "context":{"id":"ba6be65f-6e07-472d-9110-dc03f9c3795d", "isDeleted:":"true", "version":"1724906822041"}}
{"logTime": "1107/073849", "correlationVector":"dxWQTq/VWp90kbRD+ESO3k.6","action":"GetUpdates", "result":"DeleteReceived", "context":{"id":"55392563-423b-4cef-bc9d-e06b65a034db", "isDeleted:":"true", "version":"1725239194357"}}
{"logTime": "1107/073849", "correlationVector":"dxWQTq/VWp90kbRD+ESO3k.7","action":"GetUpdates", "result":"DeleteReceived", "context":{"id":"7f64e525-4b6d-4e2c-bc47-a3ec6c2212a9", "isDeleted:":"true", "version":"1725243773659"}}
{"logTime": "1107/073849", "correlationVector":"dxWQTq/VWp90kbRD+ESO3k.8","action":"GetUpdates", "result":"DeleteReceived", "context":{"id":"86609594-5ba0-428f-9aca-4f57a3cce53e", "isDeleted:":"true", "version":"1725269566230"}}
{"logTime": "1107/073849", "correlationVector":"dxWQTq/VWp90kbRD+ESO3k.9","action":"GetUpdates", "result":"DeleteReceived", "context":{"id":"37c4bb18-1769-4233-b69d-0233a5d4ad40", "isDeleted:":"true", "version":"1725269566231"}}
{"logTime": "1107/073849", "correlationVector":"dxWQTq/VWp90kbRD+ESO3k.10","action":"GetUpdates", "result":"DeleteReceived", "context":{"id":"c7a6e2de-8f04-4b0b-908d-dbfc499073f3", "isDeleted:":"true", "version":"1725269566232"}}
{"logTime": "1107/073849", "correlationVector":"dxWQTq/VWp90kbRD+ESO3k.11","action":"GetUpdates", "result":"DeleteReceived", "context":{"id":"b054da0d-5161-4cc4-8572-11893d235e65", "isDeleted:":"true", "version":"1725269566233"}}
{"logTime": "1107/073849", "correlationVector":"dxWQTq/VWp90kbRD+ESO3k.12","action":"GetUpdates", "result":"DeleteReceived", "context":{"id":"9a39c61b-d014-44a3-92e4-2c301b1a9c9b", "isDeleted:":"true", "version":"1725269566237"}}
{"logTime": "1107/073849", "correlationVector":"dxWQTq/VWp90kbRD+ESO3k.13","action":"GetUpdates", "result":"DeleteReceived", "context":{"id":"41d8685f-92ed-4335-84ad-f33a384ff44d", "isDeleted:":"true", "version":"1725272467460"}}
{"logTime": "1107/073849", "correlationVector":"dxWQTq/VWp90kbRD+ESO3k.14","action":"GetUpdates", "result":"DeleteReceived", "context":{"id":"70f395bc-844d-4e93-9831-b495a9be852e", "isDeleted:":"true", "version":"1725327639226"}}
{"logTime": "1107/073849", "correlationVector":"dxWQTq/VWp90kbRD+ESO3k.15","action":"GetUpdates", "result":"DeleteReceived", "context":{"id":"cb12608a-d805-46d2-8701-75f6d9b3f387", "isDeleted:":"true", "version":"1725327639227"}}
{"logTime": "1107/073849", "correlationVector":"dxWQTq/VWp90kbRD+ESO3k.16","action":"GetUpdates", "result":"DeleteReceived", "context":{"id":"149020ee-9da5-4681-b266-cc57cb07a1aa", "isDeleted:":"true", "version":"1725327639231"}}
{"logTime": "1107/073849", "correlationVector":"dxWQTq/VWp90kbRD+ESO3k.17","action":"GetUpdates", "result":"DeleteReceived", "context":{"id":"638e3241-b5ab-4c83-9c26-33882b0f77b3", "isDeleted:":"true", "version":"1725332059282"}}
{"logTime": "1107/073849", "correlationVector":"dxWQTq/VWp90kbRD+ESO3k.18","action":"GetUpdates", "result":"DeleteReceived", "context":{"id":"db509e63-90cc-41ec-b846-53876b13c41a", "isDeleted:":"true", "version":"1725338759798"}}
{"logTime": "1107/073849", "correlationVector":"dxWQTq/VWp90kbRD+ESO3k.19","action":"GetUpdates", "result":"DeleteReceived", "context":{"id":"e3287e0a-ef01-45e5-926f-e7c4d30dcb05", "isDeleted:":"true", "version":"1725338759799"}}
{"logTime": "1107/073849", "correlationVector":"dxWQTq/VWp90kbRD+ESO3k.20","action":"GetUpdates", "result":"DeleteReceived", "context":{"id":"d81de7a5-c2e5-43ad-857a-d1c8770bb6f4", "isDeleted:":"true", "version":"1725338759801"}}
{"logTime": "1107/073849", "correlationVector":"dxWQTq/VWp90kbRD+ESO3k.21","action":"GetUpdates", "result":"DeleteReceived", "context":{"id":"2ed6892d-659a-440d-a1d3-a8d6c4a35b49", "isDeleted:":"true", "version":"1725350160545"}}
{"logTime": "1107/073849", "correlationVector":"dxWQTq/VWp90kbRD+ESO3k.22","action":"GetUpdates", "result":"DeleteReceived", "context":{"id":"6e7524a2-6429-4ee8-8c2f-9f6c716108b0", "isDeleted:":"true", "version":"1725350160546"}}
{"logTime": "1107/073849", "correlationVector":"dxWQTq/VWp90kbRD+ESO3k.23","action":"GetUpdates", "result":"DeleteReceived", "context":{"id":"a045abb9-21b0-4ada-be3b-9eecfea85b82", "isDeleted:":"true", "version":"1725369871053"}}
{"logTime": "1107/073849", "correlationVector":"dxWQTq/VWp90kbRD+ESO3k.24","action":"GetUpdates", "result":"DeleteReceived", "context":{"id":"aa588784-0ee7-48e7-aedf-4eb8b7aed79c", "isDeleted:":"true", "version":"1725374554856"}}
{"logTime": "1107/073849", "correlationVector":"dxWQTq/VWp90kbRD+ESO3k.25","action":"GetUpdates", "result":"DeleteReceived", "context":{"id":"ac4603a3-1ffc-4109-888a-db7bc9792276", "isDeleted:":"true", "version":"1725374603353"}}
{"logTime": "1107/073849", "correlationVector":"dxWQTq/VWp90kbRD+ESO3k.26","action":"GetUpdates", "result":"DeleteReceived", "context":{"id":"4c2c4a31-ebfe-47d1-89ec-126c476159f0", "isDeleted:":"true", "version":"1725417856357"}}
{"logTime": "1107/073849", "correlationVector":"dxWQTq/VWp90kbRD+ESO3k.27","action":"GetUpdates", "result":"DeleteReceived", "context":{"id":"f091b206-dc0c-4149-b94b-ca21cffc4afd", "isDeleted:":"true", "version":"1725418444561"}}
{"logTime": "1107/073849", "correlationVector":"dxWQTq/VWp90kbRD+ESO3k.28","action":"GetUpdates", "result":"DeleteReceived", "context":{"id":"85130d8a-adc1-46e6-aa16-68aa7f5df219", "isDeleted:":"true", "version":"1725420132705"}}
{"logTime": "1107/073849", "correlationVector":"dxWQTq/VWp90kbRD+ESO3k.29","action":"GetUpdates", "result":"DeleteReceived", "context":{"id":"489d0fcf-e4b7-4a63-9ca3-b8a21864b72e", "isDeleted:":"true", "version":"1725803943388"}}
{"logTime": "1107/073849", "correlationVector":"dxWQTq/VWp90kbRD+ESO3k.30","action":"GetUpdates", "result":"DeleteReceived", "context":{"id":"0f667147-73ce-4f62-b345-e8a764e64289", "isDeleted:":"true", "version":"1725803943389"}}
{"logTime": "1107/073849", "correlationVector":"dxWQTq/VWp90kbRD+ESO3k.31","action":"GetUpdates", "result":"DeleteReceived", "context":{"id":"928c7807-3648-497a-a853-5135bd354b06", "isDeleted:":"true", "version":"1725843706563"}}
{"logTime": "1107/073849", "correlationVector":"dxWQTq/VWp90kbRD+ESO3k.32","action":"GetUpdates", "result":"DeleteReceived", "context":{"id":"64f1e0e6-f61f-4f14-b658-64e0bb19b17e", "isDeleted:":"true", "version":"1725843706565"}}
{"logTime": "1107/073849", "correlationVector":"dxWQTq/VWp90kbRD+ESO3k.33","action":"GetUpdates", "result":"DeleteReceived", "context":{"id":"44dced5d-e3f1-486c-a188-88be82bf3587", "isDeleted:":"true", "version":"1725844062770"}}
{"logTime": "1107/073849", "correlationVector":"dxWQTq/VWp90kbRD+ESO3k.34","action":"GetUpdates", "result":"DeleteReceived", "context":{"id":"6bd1f756-10d5-486f-ace6-55d4ede30040", "isDeleted:":"true", "version":"1725845488486"}}
{"logTime": "1107/073849", "correlationVector":"dxWQTq/VWp90kbRD+ESO3k.35","action":"GetUpdates", "result":"DeleteReceived", "context":{"id":"a6ceb755-f1df-44e8-bfd5-9b7fb62f38e7", "isDeleted:":"true", "version":"1725845488488"}}
{"logTime": "1107/073849", "correlationVector":"dxWQTq/VWp90kbRD+ESO3k.36","action":"GetUpdates", "result":"DeleteReceived", "context":{"id":"86929008-d0f5-4fa9-8578-15986f026844", "isDeleted:":"true", "version":"1725853609349"}}
{"logTime": "1107/073849", "correlationVector":"dxWQTq/VWp90kbRD+ESO3k.37","action":"GetUpdates", "result":"DeleteReceived", "context":{"id":"5e927926-629d-487c-91cc-c05c8fe564a0", "isDeleted:":"true", "version":"1725873061449"}}
{"logTime": "1107/073849", "correlationVector":"dxWQTq/VWp90kbRD+ESO3k.38","action":"GetUpdates", "result":"DeleteReceived", "context":{"id":"3429bba1-a6dc-466b-8702-a9d19de9141a", "isDeleted:":"true", "version":"1725873061450"}}
{"logTime": "1107/073849", "correlationVector":"dxWQTq/VWp90kbRD+ESO3k.39","action":"GetUpdates", "result":"DeleteReceived", "context":{"id":"303d9528-40e1-483d-a04b-df047c7f964f", "isDeleted:":"true", "version":"1725873061451"}}
{"logTime": "1107/073849", "correlationVector":"dxWQTq/VWp90kbRD+ESO3k.40","action":"GetUpdates", "result":"DeleteReceived", "context":{"id":"046e0a08-0443-4045-be8c-8ff773ccb1a9", "isDeleted:":"true", "version":"1725873061453"}}
{"logTime": "1107/073849", "correlationVector":"dxWQTq/VWp90kbRD+ESO3k.41","action":"GetUpdates", "result":"DeleteReceived", "context":{"id":"61e4776e-4007-4d98-a070-9d4bc82839a6", "isDeleted:":"true", "version":"1725873061454"}}
{"logTime": "1107/073849", "correlationVector":"dxWQTq/VWp90kbRD+ESO3k.42","action":"GetUpdates", "result":"DeleteReceived", "context":{"id":"30cf315a-b309-4bd4-b371-c97ea3e5322b", "isDeleted:":"true", "version":"1725929038171"}}
{"logTime": "1107/073849", "correlationVector":"dxWQTq/VWp90kbRD+ESO3k.43","action":"GetUpdates", "result":"DeleteReceived", "context":{"id":"19f72fc3-4bdb-4e9f-a8e4-92ca998c5b57", "isDeleted:":"true", "version":"1725929312971"}}
{"logTime": "1107/073849", "correlationVector":"dxWQTq/VWp90kbRD+ESO3k.44","action":"GetUpdates", "result":"DeleteReceived", "context":{"id":"1ad82306-6bc1-4009-b4e8-3f4b45364ff4", "isDeleted:":"true", "version":"1725931766646"}}
{"logTime": "1107/073849", "correlationVector":"dxWQTq/VWp90kbRD+ESO3k.45","action":"GetUpdates", "result":"DeleteReceived", "context":{"id":"b9e236ab-5829-4606-aab4-7d8f795aeff2", "isDeleted:":"true", "version":"1725933302533"}}
{"logTime": "1107/073849", "correlationVector":"dxWQTq/VWp90kbRD+ESO3k.46","action":"GetUpdates", "result":"DeleteReceived", "context":{"id":"c74084c0-ad0e-4908-9dd7-ee15cdbe65b6", "isDeleted:":"true", "version":"1725934475235"}}
{"logTime": "1107/073849", "correlationVector":"dxWQTq/VWp90kbRD+ESO3k.47","action":"GetUpdates", "result":"DeleteReceived", "context":{"id":"4c66b3d8-3bd9-43b4-ae7a-047dccbdac59", "isDeleted:":"true", "version":"1725934475237"}}
{"logTime": "1107/073849", "correlationVector":"dxWQTq/VWp90kbRD+ESO3k.48","action":"GetUpdates", "result":"DeleteReceived", "context":{"id":"2bd82ba5-e7a1-41b9-8515-fc83e5591edf", "isDeleted:":"true", "version":"1725935038954"}}
{"logTime": "1107/073849", "correlationVector":"dxWQTq/VWp90kbRD+ESO3k.49","action":"GetUpdates", "result":"DeleteReceived", "context":{"id":"c9b27de6-9086-4dff-9753-e9e2484fa7fa", "isDeleted:":"true", "version":"1725939784742"}}
{"logTime": "1107/073849", "correlationVector":"dxWQTq/VWp90kbRD+ESO3k.50","action":"GetUpdates", "result":"DeleteReceived", "context":{"id":"d21e036b-9848-4c1c-bd57-98868017a3ad", "isDeleted:":"true", "version":"1725939784743"}}
{"logTime": "1107/073849", "correlationVector":"dxWQTq/VWp90kbRD+ESO3k.51","action":"GetUpdates", "result":"DeleteReceived", "context":{"id":"b0336ea5-eda0-4b66-9469-aaf51873b628", "isDeleted:":"true", "version":"1725939784745"}}
{"logTime": "1107/073849", "correlationVector":"dxWQTq/VWp90kbRD+ESO3k.52","action":"GetUpdates", "result":"DeleteReceived", "context":{"id":"8c59cade-df44-4a40-807a-579f9595f6ed", "isDeleted:":"true", "version":"1725939784747"}}
{"logTime": "1107/073849", "correlationVector":"dxWQTq/VWp90kbRD+ESO3k.53","action":"GetUpdates", "result":"DeleteReceived", "context":{"id":"8413da4e-7ab0-4bc8-8754-34bd9cbb4f2c", "isDeleted:":"true", "version":"1725939784748"}}
{"logTime": "1107/073849", "correlationVector":"dxWQTq/VWp90kbRD+ESO3k.54","action":"GetUpdates", "result":"DeleteReceived", "context":{"id":"c13ded7e-d1db-4a15-b9a9-f2663d7d0ead", "isDeleted:":"true", "version":"1725939784750"}}
{"logTime": "1107/073849", "correlationVector":"dxWQTq/VWp90kbRD+ESO3k.55","action":"GetUpdates", "result":"DeleteReceived", "context":{"id":"dc5fc0e4-8cf0-4a9b-babc-beb321371b7d", "isDeleted:":"true", "version":"1725939784752"}}
{"logTime": "1107/073849", "correlationVector":"dxWQTq/VWp90kbRD+ESO3k.56","action":"GetUpdates", "result":"DeleteReceived", "context":{"id":"1c38fdce-97bd-4c67-ae35-8b5cea1b9692", "isDeleted:":"true", "version":"1725944079285"}}
{"logTime": "1107/073849", "correlationVector":"dxWQTq/VWp90kbRD+ESO3k.57","action":"GetUpdates", "result":"DeleteReceived", "context":{"id":"a1dbb147-0191-4aa1-bad6-676cdedf24d8", "isDeleted:":"true", "version":"1725944079286"}}
{"logTime": "1107/073849", "correlationVector":"dxWQTq/VWp90kbRD+ESO3k.58","action":"GetUpdates", "result":"DeleteReceived", "context":{"id":"3cc4f794-4525-475f-926f-7a42c9554e06", "isDeleted:":"true", "version":"1725944079288"}}
{"logTime": "1107/073849", "correlationVector":"dxWQTq/VWp90kbRD+ESO3k.59","action":"GetUpdates", "result":"DeleteReceived", "context":{"id":"c60c8dea-9b2d-4027-9d73-aea4814d6dd9", "isDeleted:":"true", "version":"1726101588352"}}
{"logTime": "1107/073849", "correlationVector":"dxWQTq/VWp90kbRD+ESO3k.60","action":"GetUpdates", "result":"DeleteReceived", "context":{"id":"0053b90d-bd10-4738-8542-7635b12192c7", "isDeleted:":"true", "version":"1726101588354"}}
{"logTime": "1107/073849", "correlationVector":"dxWQTq/VWp90kbRD+ESO3k.61","action":"GetUpdates", "result":"DeleteReceived", "context":{"id":"a33f6296-3873-46c6-afc7-9e6a9a1d7222", "isDeleted:":"true", "version":"1726449051971"}}
{"logTime": "1107/073849", "correlationVector":"dxWQTq/VWp90kbRD+ESO3k.62","action":"GetUpdates", "result":"DeleteReceived", "context":{"id":"4f98502d-2c10-4cf2-bb61-13075f5ce38a", "isDeleted:":"true", "version":"1726535648184"}}
{"logTime": "1107/073849", "correlationVector":"dxWQTq/VWp90kbRD+ESO3k.63","action":"GetUpdates", "result":"DeleteReceived", "context":{"id":"4e7258bf-3076-42d7-bc6c-7b6689231dc6", "isDeleted:":"true", "version":"1726535946114"}}
{"logTime": "1107/073849", "correlationVector":"dxWQTq/VWp90kbRD+ESO3k.64","action":"GetUpdates", "result":"DeleteReceived", "context":{"id":"030aa3e8-a6bc-4bb3-b4e8-ba57f0233747", "isDeleted:":"true", "version":"1726541567555"}}
{"logTime": "1107/073849", "correlationVector":"dxWQTq/VWp90kbRD+ESO3k.65","action":"GetUpdates", "result":"DeleteReceived", "context":{"id":"accc00b7-d2d5-452c-9bbb-32e4a07ea9be", "isDeleted:":"true", "version":"1726558023000"}}
{"logTime": "1107/073849", "correlationVector":"dxWQTq/VWp90kbRD+ESO3k.66","action":"GetUpdates", "result":"DeleteReceived", "context":{"id":"95439f89-4d1c-4228-9cf4-55093eed35d2", "isDeleted:":"true", "version":"1726575780683"}}
{"logTime": "1107/073849", "correlationVector":"dxWQTq/VWp90kbRD+ESO3k.67","action":"GetUpdates", "result":"DeleteReceived", "context":{"id":"4a4400c3-8bd1-40ff-89cb-2121ebd847e8", "isDeleted:":"true", "version":"1726643184095"}}
{"logTime": "1107/073849", "correlationVector":"dxWQTq/VWp90kbRD+ESO3k.68","action":"GetUpdates", "result":"DeleteReceived", "context":{"id":"70ba85aa-b048-4e74-8ef9-b670cbd7c42b", "isDeleted:":"true", "version":"1726643184096"}}
{"logTime": "1107/073849", "correlationVector":"dxWQTq/VWp90kbRD+ESO3k.69","action":"GetUpdates", "result":"DeleteReceived", "context":{"id":"b4a77cc3-eb23-429b-a777-be6a6ce3df4e", "isDeleted:":"true", "version":"1726647079338"}}
{"logTime": "1107/073849", "correlationVector":"dxWQTq/VWp90kbRD+ESO3k.70","action":"GetUpdates", "result":"DeleteReceived", "context":{"id":"424fa742-a00a-4488-9aba-1684c04a3bf9", "isDeleted:":"true", "version":"1726840686837"}}
{"logTime": "1107/073849", "correlationVector":"dxWQTq/VWp90kbRD+ESO3k.71","action":"GetUpdates", "result":"DeleteReceived", "context":{"id":"004a0d11-8766-4a58-bbce-cf3fe336a6ea", "isDeleted:":"true", "version":"1727052338444"}}
{"logTime": "1107/073849", "correlationVector":"dxWQTq/VWp90kbRD+ESO3k.72","action":"GetUpdates", "result":"DeleteReceived", "context":{"id":"520b1a80-52e9-4d9c-bb8c-2b58cefb2aa6", "isDeleted:":"true", "version":"1727052338446"}}
{"logTime": "1107/073849", "correlationVector":"dxWQTq/VWp90kbRD+ESO3k.73","action":"GetUpdates", "result":"DeleteReceived", "context":{"id":"d4dea756-35a9-45e4-a9e0-2426aa3109db", "isDeleted:":"true", "version":"1727081472625"}}
{"logTime": "1107/073849", "correlationVector":"dxWQTq/VWp90kbRD+ESO3k.74","action":"GetUpdates", "result":"DeleteReceived", "context":{"id":"53221d1a-e068-4c5f-8765-e4b35936e1d5", "isDeleted:":"true", "version":"1727081472626"}}
{"logTime": "1107/073849", "correlationVector":"dxWQTq/VWp90kbRD+ESO3k.75","action":"GetUpdates", "result":"DeleteReceived", "context":{"id":"844296c3-bcea-4f41-89cf-2e94ca9c9ccc", "isDeleted:":"true", "version":"1727081472628"}}
{"logTime": "1107/073849", "correlationVector":"dxWQTq/VWp90kbRD+ESO3k.76","action":"GetUpdates", "result":"DeleteReceived", "context":{"id":"f382e80d-c2bb-4c3a-8f96-02661044cfa6", "isDeleted:":"true", "version":"1727139550257"}}
{"logTime": "1107/073849", "correlationVector":"dxWQTq/VWp90kbRD+ESO3k.77","action":"GetUpdates", "result":"DeleteReceived", "context":{"id":"95d21517-e1f3-45f1-9e56-8afbbf3f4b3c", "isDeleted:":"true", "version":"1727139550259"}}
{"logTime": "1107/073849", "correlationVector":"dxWQTq/VWp90kbRD+ESO3k.78","action":"GetUpdates", "result":"DeleteReceived", "context":{"id":"7c0e7d91-f38a-44ca-ae99-50218968f7b7", "isDeleted:":"true", "version":"1727264567126"}}
{"logTime": "1107/073849", "correlationVector":"dxWQTq/VWp90kbRD+ESO3k.79","action":"GetUpdates", "result":"DeleteReceived", "context":{"id":"fac44bcc-a226-4186-8def-6af227a40881", "isDeleted:":"true", "version":"1727264567127"}}
{"logTime": "1107/073849", "correlationVector":"dxWQTq/VWp90kbRD+ESO3k.80","action":"GetUpdates", "result":"DeleteReceived", "context":{"id":"abcbfb0b-d695-4a90-b06f-104c5e57ac6d", "isDeleted:":"true", "version":"1727264567130"}}
{"logTime": "1107/073849", "correlationVector":"dxWQTq/VWp90kbRD+ESO3k.81","action":"GetUpdates", "result":"DeleteReceived", "context":{"id":"4005b0e5-a8d1-4fcd-ac52-bdc81c1f8eb4", "isDeleted:":"true", "version":"1727407478568"}}
{"logTime": "1107/073849", "correlationVector":"dxWQTq/VWp90kbRD+ESO3k.82","action":"GetUpdates", "result":"DeleteReceived", "context":{"id":"848c9691-1cbb-4992-b157-5e8f32159c9e", "isDeleted:":"true", "version":"1727665355911"}}
{"logTime": "1107/073849", "correlationVector":"dxWQTq/VWp90kbRD+ESO3k.83","action":"GetUpdates", "result":"DeleteReceived", "context":{"id":"4aa93e2f-9914-43ce-860b-647703f3ec4b", "isDeleted:":"true", "version":"1727704214074"}}
{"logTime": "1107/073849", "correlationVector":"dxWQTq/VWp90kbRD+ESO3k.84","action":"GetUpdates", "result":"DeleteReceived", "context":{"id":"8250fb6f-6aa0-4402-ac43-c114f72140ac", "isDeleted:":"true", "version":"1727704681034"}}
{"logTime": "1107/073849", "correlationVector":"dxWQTq/VWp90kbRD+ESO3k.85","action":"GetUpdates", "result":"DeleteReceived", "context":{"id":"303ef2de-4297-4743-8a18-07d68b5944e7", "isDeleted:":"true", "version":"1727704681036"}}
{"logTime": "1107/073849", "correlationVector":"dxWQTq/VWp90kbRD+ESO3k.86","action":"GetUpdates", "result":"DeleteReceived", "context":{"id":"c2d8ec1f-1762-46f6-a77e-76026c3d6780", "isDeleted:":"true", "version":"1727704681037"}}
{"logTime": "1107/073849", "correlationVector":"dxWQTq/VWp90kbRD+ESO3k.87","action":"GetUpdates", "result":"DeleteReceived", "context":{"id":"de83aa27-3697-49b3-9821-285cebeaa710", "isDeleted:":"true", "version":"1727831593293"}}
{"logTime": "1107/073849", "correlationVector":"dxWQTq/VWp90kbRD+ESO3k.88","action":"GetUpdates", "result":"DeleteReceived", "context":{"id":"9b33abe8-864b-46bb-b9dd-8f137e1ab3c0", "isDeleted:":"true", "version":"1727838476715"}}
{"logTime": "1107/073849", "correlationVector":"dxWQTq/VWp90kbRD+ESO3k.89","action":"GetUpdates", "result":"DeleteReceived", "context":{"id":"6e2f16d8-f885-4cf2-a2d4-b9e7b184498a", "isDeleted:":"true", "version":"1727916447508"}}
{"logTime": "1107/073849", "correlationVector":"dxWQTq/VWp90kbRD+ESO3k.90","action":"GetUpdates", "result":"DeleteReceived", "context":{"id":"49aea077-d1eb-4b5b-9fa9-6e3222431f44", "isDeleted:":"true", "version":"1727916447509"}}
{"logTime": "1107/073849", "correlationVector":"dxWQTq/VWp90kbRD+ESO3k.91","action":"GetUpdates", "result":"DeleteReceived", "context":{"id":"4e106733-edf3-42ff-bdcf-b52eff7f7f63", "isDeleted:":"true", "version":"1727966361250"}}
{"logTime": "1107/073849", "correlationVector":"dxWQTq/VWp90kbRD+ESO3k.92","action":"GetUpdates", "result":"DeleteReceived", "context":{"id":"922daa33-5ed8-4fc6-a1df-6a2d0c243e9e", "isDeleted:":"true", "version":"1727966539689"}}
{"logTime": "1107/073849", "correlationVector":"dxWQTq/VWp90kbRD+ESO3k.93","action":"GetUpdates", "result":"DeleteReceived", "context":{"id":"81f67705-3002-43d5-9a8c-a0072b639eee", "isDeleted:":"true", "version":"1728218576765"}}
{"logTime": "1107/073849", "correlationVector":"dxWQTq/VWp90kbRD+ESO3k.94","action":"GetUpdates", "result":"DeleteReceived", "context":{"id":"f1c7401a-75d7-439a-8f81-182be2aa564d", "isDeleted:":"true", "version":"1728218576766"}}
{"logTime": "1107/073849", "correlationVector":"dxWQTq/VWp90kbRD+ESO3k.95","action":"GetUpdates", "result":"DeleteReceived", "context":{"id":"7262dbab-cff2-4d5d-bc98-2a6068c24cd0", "isDeleted:":"true", "version":"1728218576768"}}
{"logTime": "1107/073849", "correlationVector":"dxWQTq/VWp90kbRD+ESO3k.96","action":"GetUpdates", "result":"DeleteReceived", "context":{"id":"ae49bb40-810a-48b9-a07f-5279a8153e0d", "isDeleted:":"true", "version":"1728218576769"}}
{"logTime": "1107/073849", "correlationVector":"dxWQTq/VWp90kbRD+ESO3k.97","action":"GetUpdates", "result":"DeleteReceived", "context":{"id":"f625491a-baa9-41eb-89e8-c23c40424328", "isDeleted:":"true", "version":"1728353650590"}}
{"logTime": "1107/073849", "correlationVector":"dxWQTq/VWp90kbRD+ESO3k.98","action":"GetUpdates", "result":"DeleteReceived", "context":{"id":"7e975ed0-f9be-4e58-98c1-17e408c3edce", "isDeleted:":"true", "version":"1728353650592"}}
{"logTime": "1107/073849", "correlationVector":"dxWQTq/VWp90kbRD+ESO3k.99","action":"GetUpdates", "result":"DeleteReceived", "context":{"id":"3c176a2b-e452-43d0-b86d-3567b633ac80", "isDeleted:":"true", "version":"1728358682832"}}
{"logTime": "1107/073849", "correlationVector":"dxWQTq/VWp90kbRD+ESO3k.100","action":"GetUpdates", "result":"DeleteReceived", "context":{"id":"a9dcc1d6-831a-48ed-974c-7b0cbcd1ce10", "isDeleted:":"true", "version":"1728358682833"}}
{"logTime": "1107/073849", "correlationVector":"dxWQTq/VWp90kbRD+ESO3k.101","action":"GetUpdates", "result":"DeleteReceived", "context":{"id":"d4f5dda1-6a29-48bd-9081-a011470121f6", "isDeleted:":"true", "version":"1728358682834"}}
{"logTime": "1107/073849", "correlationVector":"dxWQTq/VWp90kbRD+ESO3k.102","action":"GetUpdates", "result":"DeleteReceived", "context":{"id":"f144e89b-81d2-45c4-b448-b5240fbd4127", "isDeleted:":"true", "version":"1728358682835"}}
{"logTime": "1107/073849", "correlationVector":"dxWQTq/VWp90kbRD+ESO3k.103","action":"GetUpdates", "result":"DeleteReceived", "context":{"id":"795f64c0-c943-4687-acf9-a42dea341067", "isDeleted:":"true", "version":"1728358682837"}}
{"logTime": "1107/073849", "correlationVector":"dxWQTq/VWp90kbRD+ESO3k.104","action":"GetUpdates", "result":"DeleteReceived", "context":{"id":"aab3d1ec-4fe6-49a9-918a-e6bbe72dc601", "isDeleted:":"true", "version":"1728358682838"}}
{"logTime": "1107/073849", "correlationVector":"dxWQTq/VWp90kbRD+ESO3k.105","action":"GetUpdates", "result":"DeleteReceived", "context":{"id":"cd72811a-4d7b-4f87-9bcf-1db5f3f7ef45", "isDeleted:":"true", "version":"1728358682839"}}
{"logTime": "1107/073849", "correlationVector":"dxWQTq/VWp90kbRD+ESO3k.106","action":"GetUpdates", "result":"DeleteReceived", "context":{"id":"45e89000-1e1c-412e-bd51-2622217675fd", "isDeleted:":"true", "version":"1728358682842"}}
{"logTime": "1107/073849", "correlationVector":"dxWQTq/VWp90kbRD+ESO3k.107","action":"GetUpdates", "result":"DeleteReceived", "context":{"id":"b48d6543-09c7-49b6-9aa9-d1361ee23acd", "isDeleted:":"true", "version":"1728358682843"}}
{"logTime": "1107/073849", "correlationVector":"dxWQTq/VWp90kbRD+ESO3k.108","action":"GetUpdates", "result":"DeleteReceived", "context":{"id":"69625215-e522-40b4-afb1-6211ca4b828f", "isDeleted:":"true", "version":"1728358685463"}}
{"logTime": "1107/073849", "correlationVector":"dxWQTq/VWp90kbRD+ESO3k.109","action":"GetUpdates", "result":"DeleteReceived", "context":{"id":"9796e1d3-cf5c-4be6-b37d-e4e886da622b", "isDeleted:":"true", "version":"1728358685465"}}
{"logTime": "1107/073849", "correlationVector":"dxWQTq/VWp90kbRD+ESO3k.110","action":"GetUpdates", "result":"DeleteReceived", "context":{"id":"d7ffaa4c-b81e-49af-b4aa-185c08874b4d", "isDeleted:":"true", "version":"1728365516579"}}
{"logTime": "1107/073849", "correlationVector":"dxWQTq/VWp90kbRD+ESO3k.111","action":"GetUpdates", "result":"DeleteReceived", "context":{"id":"244a00a5-beff-43a9-a538-723b9e7dac2d", "isDeleted:":"true", "version":"1728365516580"}}
{"logTime": "1107/073849", "correlationVector":"dxWQTq/VWp90kbRD+ESO3k.112","action":"GetUpdates", "result":"DeleteReceived", "context":{"id":"ab21a2c4-ea54-406b-a2da-bdd21274b247", "isDeleted:":"true", "version":"1728365516582"}}
{"logTime": "1107/073849", "correlationVector":"dxWQTq/VWp90kbRD+ESO3k.113","action":"GetUpdates", "result":"DeleteReceived", "context":{"id":"f7c06ca9-faca-4497-9287-fff83febaf28", "isDeleted:":"true", "version":"1728369119237"}}
{"logTime": "1107/073849", "correlationVector":"dxWQTq/VWp90kbRD+ESO3k.114","action":"GetUpdates", "result":"DeleteReceived", "context":{"id":"f322234d-f19a-4f4c-acde-f208a26d9607", "isDeleted:":"true", "version":"1728482360155"}}
{"logTime": "1107/073849", "correlationVector":"dxWQTq/VWp90kbRD+ESO3k.115","action":"GetUpdates", "result":"DeleteReceived", "context":{"id":"e7715b3d-1a2e-47a9-ae2e-2679e35227d6", "isDeleted:":"true", "version":"1728482360156"}}
{"logTime": "1107/073849", "correlationVector":"dxWQTq/VWp90kbRD+ESO3k.116","action":"GetUpdates", "result":"DeleteReceived", "context":{"id":"903b3eed-a8b6-4faf-bc07-4780e04cc1ab", "isDeleted:":"true", "version":"1728482360158"}}
{"logTime": "1107/073849", "correlationVector":"dxWQTq/VWp90kbRD+ESO3k.117","action":"GetUpdates", "result":"DeleteReceived", "context":{"id":"77d5063b-edb6-4477-9700-4e398d70efeb", "isDeleted:":"true", "version":"1728523217249"}}
{"logTime": "1107/073849", "correlationVector":"dxWQTq/VWp90kbRD+ESO3k.118","action":"GetUpdates", "result":"DeleteReceived", "context":{"id":"4a2efc73-561e-42b3-934c-a590851cd69b", "isDeleted:":"true", "version":"1728523217250"}}
{"logTime": "1107/073849", "correlationVector":"dxWQTq/VWp90kbRD+ESO3k.119","action":"GetUpdates Response", "result":"Success", "context":Received 250 update(s). cV=dxWQTq/VWp90kbRD+ESO3k.0;server=GENERAL0100001E;cloudType=Consumer;environment=Prod_SoutheastAsia_000j;migrationStage=NotStarted Some updates remain.}
{"logTime": "1107/073849", "correlationVector":"v8qFutJz/2bGIErBcZII2O","action":"Initial GetUpdates", "result":"", "context":Reason: NEWLY_SUPPORTED_DATATYPE. cV=v8qFutJz/2bGIErBcZII2O}
{"logTime": "1107/073849", "correlationVector":"v8qFutJz/2bGIErBcZII2O.1","action":"SyncServerConnectionManagerRequest", "result":"SYNC_SERVER_OK", "context":{"environment":"Prod_SoutheastAsia_000j", "migrationStage":"NotStarted", "server":"GENERAL01000010"}}
{"logTime": "1107/073849", "correlationVector":"v8qFutJz/2bGIErBcZII2O.2","action":"GetUpdates", "result":"DeleteReceived", "context":{"id":"1acec18c-e326-4142-acd7-c721e5e328fe", "isDeleted:":"true", "version":"1728866633471"}}
{"logTime": "1107/073849", "correlationVector":"v8qFutJz/2bGIErBcZII2O.3","action":"GetUpdates", "result":"DeleteReceived", "context":{"id":"0a8708ea-8606-4ae0-b775-4d7f452c08db", "isDeleted:":"true", "version":"1728899313804"}}
{"logTime": "1107/073849", "correlationVector":"v8qFutJz/2bGIErBcZII2O.4","action":"GetUpdates", "result":"DeleteReceived", "context":{"id":"049fff98-3af7-4ce2-ab49-1085117ef208", "isDeleted:":"true", "version":"1728899313805"}}
{"logTime": "1107/073849", "correlationVector":"v8qFutJz/2bGIErBcZII2O.5","action":"GetUpdates", "result":"DeleteReceived", "context":{"id":"f8dc7789-d72e-4c78-b576-c7535a0c2c0e", "isDeleted:":"true", "version":"1728899313806"}}
{"logTime": "1107/073849", "correlationVector":"v8qFutJz/2bGIErBcZII2O.6","action":"GetUpdates", "result":"DeleteReceived", "context":{"id":"f371fa70-54b7-4e84-b1aa-e442f7879f64", "isDeleted:":"true", "version":"1728899313807"}}
{"logTime": "1107/073849", "correlationVector":"v8qFutJz/2bGIErBcZII2O.7","action":"GetUpdates", "result":"DeleteReceived", "context":{"id":"4e7876db-bab1-466e-9fab-c6809c7c587e", "isDeleted:":"true", "version":"1728899313808"}}
{"logTime": "1107/073849", "correlationVector":"v8qFutJz/2bGIErBcZII2O.8","action":"GetUpdates", "result":"DeleteReceived", "context":{"id":"f103502f-298f-452b-ac88-367728de584c", "isDeleted:":"true", "version":"1728899313810"}}
{"logTime": "1107/073849", "correlationVector":"v8qFutJz/2bGIErBcZII2O.9","action":"GetUpdates", "result":"DeleteReceived", "context":{"id":"c91f4b38-423d-4a5b-a17f-972e6a02b8f4", "isDeleted:":"true", "version":"1728899313811"}}
{"logTime": "1107/073849", "correlationVector":"v8qFutJz/2bGIErBcZII2O.10","action":"GetUpdates", "result":"DeleteReceived", "context":{"id":"7740852e-1997-4bfe-a808-66ce97305c0d", "isDeleted:":"true", "version":"1728899313812"}}
{"logTime": "1107/073849", "correlationVector":"v8qFutJz/2bGIErBcZII2O.11","action":"GetUpdates", "result":"DeleteReceived", "context":{"id":"f9c551fe-bcd7-4862-be97-b6c1af56be5c", "isDeleted:":"true", "version":"1728902731843"}}
{"logTime": "1107/073849", "correlationVector":"v8qFutJz/2bGIErBcZII2O.12","action":"GetUpdates", "result":"DeleteReceived", "context":{"id":"d08304f0-9999-4793-aee0-926a20c5e0ac", "isDeleted:":"true", "version":"1728953089947"}}
{"logTime": "1107/073849", "correlationVector":"v8qFutJz/2bGIErBcZII2O.13","action":"GetUpdates", "result":"DeleteReceived", "context":{"id":"3fdaf4c4-1872-4e14-91aa-c528b9371870", "isDeleted:":"true", "version":"1728959260897"}}
{"logTime": "1107/073849", "correlationVector":"v8qFutJz/2bGIErBcZII2O.14","action":"GetUpdates", "result":"DeleteReceived", "context":{"id":"05ffefa7-9d82-4ca5-bf83-185bba3862a1", "isDeleted:":"true", "version":"1728964727669"}}
{"logTime": "1107/073849", "correlationVector":"v8qFutJz/2bGIErBcZII2O.15","action":"GetUpdates", "result":"DeleteReceived", "context":{"id":"8f4f9cbf-f8cf-4d53-a589-c902934b4066", "isDeleted:":"true", "version":"1728971909366"}}
{"logTime": "1107/073849", "correlationVector":"v8qFutJz/2bGIErBcZII2O.16","action":"GetUpdates", "result":"DeleteReceived", "context":{"id":"48d74deb-e74b-4dd7-90d6-3baf373c4e6a", "isDeleted:":"true", "version":"1729068392955"}}
{"logTime": "1107/073849", "correlationVector":"v8qFutJz/2bGIErBcZII2O.17","action":"GetUpdates", "result":"DeleteReceived", "context":{"id":"9f91546f-18ad-4b33-8726-7f7b4589b033", "isDeleted:":"true", "version":"1729068392956"}}
{"logTime": "1107/073849", "correlationVector":"v8qFutJz/2bGIErBcZII2O.18","action":"GetUpdates", "result":"DeleteReceived", "context":{"id":"3ccea4d8-79a6-4e6a-87c3-388ca72ffe91", "isDeleted:":"true", "version":"1729070356212"}}
{"logTime": "1107/073849", "correlationVector":"v8qFutJz/2bGIErBcZII2O.19","action":"GetUpdates", "result":"DeleteReceived", "context":{"id":"0cae1599-f2af-4dc9-806d-9609afd7954b", "isDeleted:":"true", "version":"1729070356214"}}
{"logTime": "1107/073849", "correlationVector":"v8qFutJz/2bGIErBcZII2O.20","action":"GetUpdates", "result":"DeleteReceived", "context":{"id":"76cda12c-01aa-4b65-a3a1-b46c6fc565c2", "isDeleted:":"true", "version":"1729178686942"}}
{"logTime": "1107/073849", "correlationVector":"v8qFutJz/2bGIErBcZII2O.21","action":"GetUpdates", "result":"DeleteReceived", "context":{"id":"6c4a9951-11db-40d2-9e4b-37a95b8dd0c6", "isDeleted:":"true", "version":"1729221661619"}}
{"logTime": "1107/073849", "correlationVector":"v8qFutJz/2bGIErBcZII2O.22","action":"GetUpdates", "result":"DeleteReceived", "context":{"id":"7cc36d9e-99fc-482f-bb55-cb8942332c9c", "isDeleted:":"true", "version":"1729472582416"}}
{"logTime": "1107/073849", "correlationVector":"v8qFutJz/2bGIErBcZII2O.23","action":"GetUpdates", "result":"DeleteReceived", "context":{"id":"adf2ec17-6126-44c6-9bdd-958ef7d8778f", "isDeleted:":"true", "version":"1729472594637"}}
{"logTime": "1107/073849", "correlationVector":"v8qFutJz/2bGIErBcZII2O.24","action":"GetUpdates", "result":"DeleteReceived", "context":{"id":"8f1308d4-c632-4d50-b820-09c9f3a08743", "isDeleted:":"true", "version":"1729472594640"}}
{"logTime": "1107/073849", "correlationVector":"v8qFutJz/2bGIErBcZII2O.25","action":"GetUpdates", "result":"DeleteReceived", "context":{"id":"b1c738f2-b19b-4037-a902-7125341d7ca0", "isDeleted:":"true", "version":"1729503851601"}}
{"logTime": "1107/073849", "correlationVector":"v8qFutJz/2bGIErBcZII2O.26","action":"GetUpdates", "result":"DeleteReceived", "context":{"id":"55a17091-24a8-41ff-a70b-52133631861b", "isDeleted:":"true", "version":"1729558200798"}}
{"logTime": "1107/073849", "correlationVector":"v8qFutJz/2bGIErBcZII2O.27","action":"GetUpdates", "result":"DeleteReceived", "context":{"id":"56f9d0b7-d156-4951-9f6e-90444c08fb1a", "isDeleted:":"true", "version":"1729558200802"}}
{"logTime": "1107/073849", "correlationVector":"v8qFutJz/2bGIErBcZII2O.28","action":"GetUpdates", "result":"DeleteReceived", "context":{"id":"98de487a-1fa2-40bc-8651-596923f02004", "isDeleted:":"true", "version":"1729735445398"}}
{"logTime": "1107/073849", "correlationVector":"v8qFutJz/2bGIErBcZII2O.29","action":"GetUpdates", "result":"DeleteReceived", "context":{"id":"ce95d520-fbc9-4511-ada9-e95fff42d2d7", "isDeleted:":"true", "version":"1729736467890"}}
{"logTime": "1107/073849", "correlationVector":"v8qFutJz/2bGIErBcZII2O.30","action":"GetUpdates", "result":"DeleteReceived", "context":{"id":"3275a779-a9aa-4983-a0ab-b26c7394e00f", "isDeleted:":"true", "version":"1729738534862"}}
{"logTime": "1107/073849", "correlationVector":"v8qFutJz/2bGIErBcZII2O.31","action":"GetUpdates", "result":"DeleteReceived", "context":{"id":"b29f93da-abdd-49a5-9ef3-2261ac08ecea", "isDeleted:":"true", "version":"1729846627926"}}
{"logTime": "1107/073849", "correlationVector":"v8qFutJz/2bGIErBcZII2O.32","action":"GetUpdates", "result":"DeleteReceived", "context":{"id":"acae4c4a-455f-4279-ac5a-48e1c423d0f4", "isDeleted:":"true", "version":"1729846627927"}}
{"logTime": "1107/073849", "correlationVector":"v8qFutJz/2bGIErBcZII2O.33","action":"GetUpdates", "result":"DeleteReceived", "context":{"id":"c2bffdfe-0245-4568-8c7b-805fffad58f0", "isDeleted:":"true", "version":"1729846627928"}}
{"logTime": "1107/073849", "correlationVector":"v8qFutJz/2bGIErBcZII2O.34","action":"GetUpdates", "result":"DeleteReceived", "context":{"id":"9efaca7e-3822-4a50-a49a-d68e5fae7e6a", "isDeleted:":"true", "version":"1729846627930"}}
{"logTime": "1107/073849", "correlationVector":"v8qFutJz/2bGIErBcZII2O.35","action":"GetUpdates", "result":"DeleteReceived", "context":{"id":"7b4fad94-ebc0-45b9-aa3b-663ed1d3b609", "isDeleted:":"true", "version":"1730084598643"}}
{"logTime": "1107/073849", "correlationVector":"v8qFutJz/2bGIErBcZII2O.36","action":"GetUpdates", "result":"DeleteReceived", "context":{"id":"17aef220-7f31-4076-9845-59277b2d29c2", "isDeleted:":"true", "version":"1730084598644"}}
{"logTime": "1107/073849", "correlationVector":"v8qFutJz/2bGIErBcZII2O.37","action":"GetUpdates", "result":"DeleteReceived", "context":{"id":"b72cdb07-b8b8-411a-9847-9fd15e823abc", "isDeleted:":"true", "version":"1730084598645"}}
{"logTime": "1107/073849", "correlationVector":"v8qFutJz/2bGIErBcZII2O.38","action":"GetUpdates", "result":"DeleteReceived", "context":{"id":"01d2d89b-0495-4b93-883e-7e6fb5a83f43", "isDeleted:":"true", "version":"1730084598646"}}
{"logTime": "1107/073849", "correlationVector":"v8qFutJz/2bGIErBcZII2O.39","action":"GetUpdates", "result":"DeleteReceived", "context":{"id":"c36b23c2-6b39-4aa7-9b89-992c438c9fc2", "isDeleted:":"true", "version":"1730084598647"}}
{"logTime": "1107/073849", "correlationVector":"v8qFutJz/2bGIErBcZII2O.40","action":"GetUpdates", "result":"DeleteReceived", "context":{"id":"9fc0bb61-64e7-4ae1-8b40-db042454e3dc", "isDeleted:":"true", "version":"1730084598648"}}
{"logTime": "1107/073849", "correlationVector":"v8qFutJz/2bGIErBcZII2O.41","action":"GetUpdates", "result":"DeleteReceived", "context":{"id":"10aa380d-4d06-44a3-b575-e68266be86e8", "isDeleted:":"true", "version":"1730084598649"}}
{"logTime": "1107/073849", "correlationVector":"v8qFutJz/2bGIErBcZII2O.42","action":"GetUpdates", "result":"DeleteReceived", "context":{"id":"3c3452c2-fb11-47e5-ab4c-5cce06ee73cf", "isDeleted:":"true", "version":"1730084598651"}}
{"logTime": "1107/073849", "correlationVector":"v8qFutJz/2bGIErBcZII2O.43","action":"GetUpdates", "result":"DeleteReceived", "context":{"id":"2be6184b-f05b-4eb5-9f21-764177be0b80", "isDeleted:":"true", "version":"1730084598652"}}
{"logTime": "1107/073849", "correlationVector":"v8qFutJz/2bGIErBcZII2O.44","action":"GetUpdates", "result":"DeleteReceived", "context":{"id":"a1891f11-5891-4ceb-87e1-cc7ebe1ed8f1", "isDeleted:":"true", "version":"1730084598653"}}
{"logTime": "1107/073849", "correlationVector":"v8qFutJz/2bGIErBcZII2O.45","action":"GetUpdates", "result":"DeleteReceived", "context":{"id":"0801f926-ffc6-4bc8-9fcf-1045c084e4bc", "isDeleted:":"true", "version":"1730272035288"}}
{"logTime": "1107/073849", "correlationVector":"v8qFutJz/2bGIErBcZII2O.46","action":"GetUpdates", "result":"DeleteReceived", "context":{"id":"84c0c78a-7bf6-4c0a-8363-e9cae0bec164", "isDeleted:":"true", "version":"1730272035290"}}
{"logTime": "1107/073849", "correlationVector":"v8qFutJz/2bGIErBcZII2O.47","action":"GetUpdates", "result":"DeleteReceived", "context":{"id":"28553420-276f-4dd9-b6b0-5a049e9e16ac", "isDeleted:":"true", "version":"1730681050419"}}
{"logTime": "1107/073849", "correlationVector":"v8qFutJz/2bGIErBcZII2O.48","action":"GetUpdates", "result":"DeleteReceived", "context":{"id":"06259b9f-c12c-4e68-8462-578db23f2872", "isDeleted:":"true", "version":"1730681050420"}}
{"logTime": "1107/073849", "correlationVector":"v8qFutJz/2bGIErBcZII2O.49","action":"GetUpdates", "result":"DeleteReceived", "context":{"id":"c4a000ce-f98e-4e08-8ad5-00ffed4f22d6", "isDeleted:":"true", "version":"1730681050422"}}
{"logTime": "1107/073849", "correlationVector":"v8qFutJz/2bGIErBcZII2O.50","action":"GetUpdates", "result":"DeleteReceived", "context":{"id":"ddd19a7c-8683-46dc-89a0-3118e352d409", "isDeleted:":"true", "version":"1730681061249"}}
{"logTime": "1107/073849", "correlationVector":"v8qFutJz/2bGIErBcZII2O.51","action":"GetUpdates", "result":"DeleteReceived", "context":{"id":"61f9ad61-cbe2-4b93-b315-bbf3b4977bc9", "isDeleted:":"true", "version":"1730708040125"}}
{"logTime": "1107/073849", "correlationVector":"v8qFutJz/2bGIErBcZII2O.52","action":"GetUpdates", "result":"DeleteReceived", "context":{"id":"ade74668-748a-4ef7-a122-c4be9c09cfdf", "isDeleted:":"true", "version":"1730708040126"}}
{"logTime": "1107/073849", "correlationVector":"v8qFutJz/2bGIErBcZII2O.53","action":"GetUpdates", "result":"DeleteReceived", "context":{"id":"64bd6291-a072-45d2-9ec6-b6c1e9e9a399", "isDeleted:":"true", "version":"1730708040127"}}
{"logTime": "1107/073849", "correlationVector":"v8qFutJz/2bGIErBcZII2O.54","action":"GetUpdates", "result":"DeleteReceived", "context":{"id":"e0b4e39c-67e9-4eb0-b927-a280841bf1a3", "isDeleted:":"true", "version":"1730708040129"}}
{"logTime": "1107/073849", "correlationVector":"v8qFutJz/2bGIErBcZII2O.55","action":"GetUpdates", "result":"DeleteReceived", "context":{"id":"37135581-587d-4e9d-af36-863dfdc0a22e", "isDeleted:":"true", "version":"1730880413803"}}
{"logTime": "1107/073849", "correlationVector":"v8qFutJz/2bGIErBcZII2O.56","action":"GetUpdates", "result":"DeleteReceived", "context":{"id":"e5e82332-fce3-4c73-9aaa-3ae7a99d311b", "isDeleted:":"true", "version":"1730937839419"}}
{"logTime": "1107/073849", "correlationVector":"v8qFutJz/2bGIErBcZII2O.57","action":"GetUpdates", "result":"DeleteReceived", "context":{"id":"5e67e7c3-d4e4-4c40-81ce-768e16c658b5", "isDeleted:":"true", "version":"1730937839422"}}
{"logTime": "1107/073849", "correlationVector":"v8qFutJz/2bGIErBcZII2O.58","action":"GetUpdates", "result":"DeleteReceived", "context":{"id":"67a555f2-62d7-4d47-a955-84701cf12895", "isDeleted:":"true", "version":"1730954244647"}}
{"logTime": "1107/073849", "correlationVector":"v8qFutJz/2bGIErBcZII2O.59","action":"GetUpdates", "result":"DeleteReceived", "context":{"id":"e8b35f8d-ac61-4494-b509-0b280be3ecfe", "isDeleted:":"true", "version":"1730960491052"}}
{"logTime": "1107/073849", "correlationVector":"v8qFutJz/2bGIErBcZII2O.60","action":"GetUpdates", "result":"DeleteReceived", "context":{"id":"d20e029e-0ef1-4f60-b06a-049793b1971f", "isDeleted:":"true", "version":"1730960491054"}}
{"logTime": "1107/073849", "correlationVector":"v8qFutJz/2bGIErBcZII2O.61","action":"GetUpdates", "result":"DeleteReceived", "context":{"id":"24b56745-a875-4d53-9ce1-fb2d07c9d489", "isDeleted:":"true", "version":"1730960491056"}}
{"logTime": "1107/073849", "correlationVector":"v8qFutJz/2bGIErBcZII2O.62","action":"GetUpdates", "result":"DeleteReceived", "context":{"id":"f41dded0-c082-4b6e-8260-16302eba1900", "isDeleted:":"true", "version":"1730960491058"}}
{"logTime": "1107/073849", "correlationVector":"v8qFutJz/2bGIErBcZII2O.63","action":"GetUpdates", "result":"DeleteReceived", "context":{"id":"4dd5c54a-b4c2-44d8-bb32-090d80883fd1", "isDeleted:":"true", "version":"1730962704451"}}
{"logTime": "1107/073849", "correlationVector":"v8qFutJz/2bGIErBcZII2O.64","action":"GetUpdates", "result":"DeleteReceived", "context":{"id":"2ec48887-5e01-429f-bbc0-7262ff6d0d01", "isDeleted:":"true", "version":"1730964797644"}}
{"logTime": "1107/073849", "correlationVector":"v8qFutJz/2bGIErBcZII2O.65","action":"GetUpdates", "result":"DeleteReceived", "context":{"id":"a0ba32cd-6fcb-41e5-a7ef-36230f16204b", "isDeleted:":"true", "version":"1730964797645"}}
{"logTime": "1107/073849", "correlationVector":"v8qFutJz/2bGIErBcZII2O.66","action":"GetUpdates", "result":"DeleteReceived", "context":{"id":"7f144140-5ca5-4c35-954e-c32765bebdf4", "isDeleted:":"true", "version":"1730964797646"}}
{"logTime": "1107/073849", "correlationVector":"v8qFutJz/2bGIErBcZII2O.67","action":"GetUpdates Response", "result":"Success", "context":Received 82 update(s). cV=v8qFutJz/2bGIErBcZII2O.0;server=GENERAL01000010;cloudType=Consumer;environment=Prod_SoutheastAsia_000j;migrationStage=NotStarted}
{"logTime": "1107/073849", "correlationVector":"dkepJgwVgb2ZQkw8vvXYeK","action":"Normal GetUpdate request", "result":"", "context":cV=dkepJgwVgb2ZQkw8vvXYeK
Nudged types: Bookmarks, Typed URLs, Sessions, Device Info, User Consents
Refresh requested types: Bookmarks, Preferences, Passwords, Autofill Profiles, Autofill, Typed URLs, Extensions, Sessions, Extension settings, History Delete Directives, Device Info, User Consents, Send Tab To Self, Web Apps, Collection, Edge E Drop, Edge Hub App Usage, Edge Tab Group, Edge Wallet, Encryption Keys}
{"logTime": "1107/073850", "correlationVector":"dkepJgwVgb2ZQkw8vvXYeK.1","action":"SyncServerConnectionManagerRequest", "result":"SYNC_SERVER_OK", "context":{"environment":"Prod_SoutheastAsia_000j", "migrationStage":"NotStarted", "server":"GENERAL0100001I"}}
{"logTime": "1107/073850", "correlationVector":"dkepJgwVgb2ZQkw8vvXYeK.2","action":"GetUpdates Response", "result":"Success", "context":Received 0 update(s). cV=dkepJgwVgb2ZQkw8vvXYeK.0;server=GENERAL0100001I;cloudType=Consumer;environment=Prod_SoutheastAsia_000j;migrationStage=NotStarted}
{"logTime": "1107/073850", "correlationVector":"t+7stm7DfwGtGl66RENKts","action":"Commit Request", "result":"", "context":Item count: 9
Contributing types: Bookmarks, Typed URLs, Sessions, Device Info, User Consents}
{"logTime": "1107/073850", "correlationVector":"t+7stm7DfwGtGl66RENKts.1","action":"SyncServerConnectionManagerRequest", "result":"SYNC_SERVER_OK", "context":{"environment":"Prod_SoutheastAsia_000j", "migrationStage":"NotStarted", "server":"GENERAL01000000"}}
{"logTime": "1107/073850", "correlationVector":"t+7stm7DfwGtGl66RENKts.2","action":"Commit Response", "result":"Success", "context":Result: Success. cV=t+7stm7DfwGtGl66RENKts.0;server=GENERAL01000000;cloudType=Consumer;environment=Prod_SoutheastAsia_000j;migrationStage=NotStarted}
{"logTime": "1107/073851", "correlationVector":"ckQ3I9eiMu2lZ/7rkWu1eE","action":"Normal GetUpdate request", "result":"", "context":cV=ckQ3I9eiMu2lZ/7rkWu1eE
Nudged types: Typed URLs, Sessions, Device Info}
{"logTime": "1107/073851", "correlationVector":"ckQ3I9eiMu2lZ/7rkWu1eE.1","action":"SyncServerConnectionManagerRequest", "result":"SYNC_SERVER_OK", "context":{"environment":"Prod_SoutheastAsia_000j", "migrationStage":"NotStarted", "server":"GENERAL01000005"}}
{"logTime": "1107/073851", "correlationVector":"ckQ3I9eiMu2lZ/7rkWu1eE.2","action":"GetUpdates Response", "result":"Success", "context":Received 8 update(s). cV=ckQ3I9eiMu2lZ/7rkWu1eE.0;server=GENERAL01000005;cloudType=Consumer;environment=Prod_SoutheastAsia_000j;migrationStage=NotStarted}
{"logTime": "1107/073851", "correlationVector":"mqKPpMbZILWryTE9x974fu","action":"DoCompareDataConsistency requsted types: ", "result":"Bookmarks, Preferences, Passwords, Typed URLs, Extensions, Extension settings, History Delete Directives, Send Tab To Self, Web Apps, Collection, Edge E Drop, Edge Tab Group, Edge Wallet, Encryption Keys"}
{"logTime": "1107/073851", "correlationVector":"mqKPpMbZILWryTE9x974fu.0","action":"CompareDataConsistency result: ", "result":"Compare result: Encryption Keys is consistent. local entities count is: 1 local entities hash is: IiNBT8wgXNo/LdO7PVSLvo0WcHg="}
{"logTime": "1107/073851", "correlationVector":"mqKPpMbZILWryTE9x974fu.1","action":"CompareDataConsistency result: ", "result":"Compare result: Bookmarks is consistent. local entities count is: 7 local entities hash is: 8+ppbNNHizEqGJouaXpP4GkoyEA="}
{"logTime": "1107/073851", "correlationVector":"mqKPpMbZILWryTE9x974fu.2","action":"CompareDataConsistency result: ", "result":"Compare result: Preferences is consistent. local entities count is: 58 local entities hash is: G0okHBcfZ/pM/mElAdTFYrwugYE="}
{"logTime": "1107/073851", "correlationVector":"mqKPpMbZILWryTE9x974fu.3","action":"CompareDataConsistency result: ", "result":"Server did not send this Typed URLs local entities count is: 5 local entities hash is: HHZSDhxTXuq9d8aDMUvu92zJhUQ="}
{"logTime": "1107/073851", "correlationVector":"mqKPpMbZILWryTE9x974fu.4","action":"CompareDataConsistency result: ", "result":"Compare result: Extensions is consistent. local entities count is: 2 local entities hash is: 8BZGn+VHlCyosINKPFiDgoKNPII="}
{"logTime": "1107/073851", "correlationVector":"mqKPpMbZILWryTE9x974fu.5","action":"CompareDataConsistency result: ", "result":"Compare result: Extension settings is consistent. local entities count is: 0 local entities hash is: "}
{"logTime": "1107/073851", "correlationVector":"mqKPpMbZILWryTE9x974fu.6","action":"CompareDataConsistency result: ", "result":"Compare result: History Delete Directives is consistent. local entities count is: 0 local entities hash is: "}
{"logTime": "1107/073851", "correlationVector":"mqKPpMbZILWryTE9x974fu.7","action":"CompareDataConsistency result: ", "result":"Server did not send this Send Tab To Self local entities count is: 0 local entities hash is: "}
{"logTime": "1107/073851", "correlationVector":"mqKPpMbZILWryTE9x974fu.8","action":"CompareDataConsistency result: ", "result":"Compare result: Web Apps is consistent. local entities count is: 0 local entities hash is: "}
{"logTime": "1107/073851", "correlationVector":"mqKPpMbZILWryTE9x974fu.9","action":"CompareDataConsistency result: ", "result":"Compare result: Collection is consistent. local entities count is: 0 local entities hash is: "}
{"logTime": "1107/073851", "correlationVector":"mqKPpMbZILWryTE9x974fu.10","action":"CompareDataConsistency result: ", "result":"Compare result: Edge E Drop is consistent. local entities count is: 0 local entities hash is: "}
{"logTime": "1107/073851", "correlationVector":"mqKPpMbZILWryTE9x974fu.11","action":"CompareDataConsistency result: ", "result":"Compare result: Edge Tab Group is consistent. local entities count is: 0 local entities hash is: "}
{"logTime": "1107/073851", "correlationVector":"mqKPpMbZILWryTE9x974fu.12","action":"CompareDataConsistency result: ", "result":"Compare result: Edge Wallet is consistent. local entities count is: 0 local entities hash is: "}
{"logTime": "1107/073851", "correlationVector":"mqKPpMbZILWryTE9x974fu.13","action":"CompareDataConsistency result: ", "result":"Compare result: Passwords is consistent. local entities count is: 19 local entities hash is: vPI1nyCd2vOkU7upIXuZHBEkitI="}
{"logTime": "1107/073851", "correlationVector":"DWZWbEfflal/YmO0/TSff6","action":"Commit Request", "result":"", "context":Item count: 1
Contributing types: Sessions}
{"logTime": "1107/073851", "correlationVector":"DWZWbEfflal/YmO0/TSff6.1","action":"SyncServerConnectionManagerRequest", "result":"SYNC_SERVER_OK", "context":{"environment":"Prod_SoutheastAsia_000j", "migrationStage":"NotStarted", "server":"GENERAL0100000K"}}
{"logTime": "1107/073851", "correlationVector":"DWZWbEfflal/YmO0/TSff6.2","action":"Commit Response", "result":"Success", "context":Result: Success. cV=DWZWbEfflal/YmO0/TSff6.0;server=GENERAL0100000K;cloudType=Consumer;environment=Prod_SoutheastAsia_000j;migrationStage=NotStarted}
{"logTime": "1107/073851", "correlationVector":"","action":"DIAGNOSTIC_REQUEST|v1/diagnosticData/Diagnostic.SendCheckResult()|SUCCESS", "result":""}
{"logTime": "1107/073854", "correlationVector":"vMACBDTWJFhdehgt4+CeHL","action":"Normal GetUpdate request", "result":"", "context":cV=vMACBDTWJFhdehgt4+CeHL
Nudged types: Sessions, User Consents
Notified types: Preferences}
{"logTime": "1107/073855", "correlationVector":"vMACBDTWJFhdehgt4+CeHL.1","action":"SyncServerConnectionManagerRequest", "result":"SYNC_SERVER_OK", "context":{"environment":"Prod_SoutheastAsia_000j", "migrationStage":"NotStarted", "server":"GENERAL0300002T"}}
{"logTime": "1107/073855", "correlationVector":"vMACBDTWJFhdehgt4+CeHL.2","action":"GetUpdates Response", "result":"Success", "context":Received 2 update(s). cV=vMACBDTWJFhdehgt4+CeHL.0;server=GENERAL0300002T;cloudType=Consumer;environment=Prod_SoutheastAsia_000j;migrationStage=NotStarted}
{"logTime": "1107/073855", "correlationVector":"HbgLag8nl1KGR7kbRvxaLI","action":"Commit Request", "result":"", "context":Item count: 1
Contributing types: User Consents}
{"logTime": "1107/073855", "correlationVector":"HbgLag8nl1KGR7kbRvxaLI.1","action":"SyncServerConnectionManagerRequest", "result":"SYNC_SERVER_OK", "context":{"environment":"Prod_SoutheastAsia_000j", "migrationStage":"NotStarted", "server":"GENERAL01000014"}}
{"logTime": "1107/073855", "correlationVector":"HbgLag8nl1KGR7kbRvxaLI.2","action":"Commit Response", "result":"Success", "context":Result: Success. cV=HbgLag8nl1KGR7kbRvxaLI.0;server=GENERAL01000014;cloudType=Consumer;environment=Prod_SoutheastAsia_000j;migrationStage=NotStarted}
{"logTime": "1107/074120", "correlationVector":"COglyeMMHr842Zj9Y0CShS.1","action":"SyncServerConnectionManagerRequest", "result":"SYNC_SERVER_OK", "context":{"environment":"Prod_SoutheastAsia_000j", "migrationStage":"NotStarted", "server":"GENERAL0100000C"}}
{"logTime": "1107/074122", "correlationVector":"VQgDNNOgCeyvBh5LcmP4EU","action":"SyncServerConnectionManagerRequest", "result":"SYNC_SERVER_OK", "context":{"environment":"", "migrationStage":"", "server":""}}
{"logTime": "1107/074122", "correlationVector":"COglyeMMHr842Zj9Y0CShS","action":"Initial GetUpdates", "result":"", "context":Reason: NEW_CLIENT. cV=COglyeMMHr842Zj9Y0CShS}
{"logTime": "1107/074122", "correlationVector":"COglyeMMHr842Zj9Y0CShS.2","action":"GetUpdates Response", "result":"Success", "context":Received 1 update(s). cV=COglyeMMHr842Zj9Y0CShS.0;server=GENERAL0100000C;cloudType=Consumer;environment=Prod_SoutheastAsia_000j;migrationStage=NotStarted}
{"logTime": "1107/074122", "correlationVector":"P970QkgsZrdXjDOKka15dd","action":"Initial GetUpdates", "result":"", "context":Reason: NEWLY_SUPPORTED_DATATYPE. cV=P970QkgsZrdXjDOKka15dd}
{"logTime": "1107/074125", "correlationVector":"P970QkgsZrdXjDOKka15dd.1","action":"SyncServerConnectionManagerRequest", "result":"SYNC_SERVER_OK", "context":{"environment":"Prod_SoutheastAsia_000j", "migrationStage":"NotStarted", "server":"GENERAL0300000O"}}
{"logTime": "1107/074125", "correlationVector":"P970QkgsZrdXjDOKka15dd.2","action":"GetUpdates Response", "result":"Success", "context":Received 19 update(s). cV=P970QkgsZrdXjDOKka15dd.0;server=GENERAL0300000O;cloudType=Consumer;environment=Prod_SoutheastAsia_000j;migrationStage=NotStarted}
{"logTime": "1107/074125", "correlationVector":"+KfhorkDQ3XkxGAdSZ+EHI","action":"Normal GetUpdate request", "result":"", "context":cV=+KfhorkDQ3XkxGAdSZ+EHI
Nudged types: Sessions
Refresh requested types: Bookmarks, Preferences, Passwords, Autofill Profiles, Autofill, Typed URLs, Extensions, Sessions, Extension settings, History Delete Directives, Device Info, User Consents, Send Tab To Self, Web Apps, Collection, Edge E Drop, Edge Hub App Usage, Edge Tab Group, Edge Wallet, Encryption Keys}
{"logTime": "1107/074125", "correlationVector":"+KfhorkDQ3XkxGAdSZ+EHI.1","action":"SyncServerConnectionManagerRequest", "result":"SYNC_SERVER_OK", "context":{"environment":"Prod_SoutheastAsia_000j", "migrationStage":"NotStarted", "server":"GENERAL0300001S"}}
{"logTime": "1107/074125", "correlationVector":"+KfhorkDQ3XkxGAdSZ+EHI.2","action":"GetUpdates Response", "result":"Success", "context":Received 0 update(s). cV=+KfhorkDQ3XkxGAdSZ+EHI.0;server=GENERAL0300001S;cloudType=Consumer;environment=Prod_SoutheastAsia_000j;migrationStage=NotStarted}
{"logTime": "1107/074125", "correlationVector":"qzOKgAxfR9Ep9DGlpZS/Dt","action":"Commit Request", "result":"", "context":Item count: 3
Contributing types: Sessions}
{"logTime": "1107/074125", "correlationVector":"qzOKgAxfR9Ep9DGlpZS/Dt.1","action":"SyncServerConnectionManagerRequest", "result":"SYNC_SERVER_OK", "context":{"environment":"Prod_SoutheastAsia_000j", "migrationStage":"NotStarted", "server":"GENERAL0300002C"}}
{"logTime": "1107/074125", "correlationVector":"qzOKgAxfR9Ep9DGlpZS/Dt.2","action":"Commit Response", "result":"Success", "context":Result: Success. cV=qzOKgAxfR9Ep9DGlpZS/Dt.0;server=GENERAL0300002C;cloudType=Consumer;environment=Prod_SoutheastAsia_000j;migrationStage=NotStarted}
{"logTime": "1107/074155", "correlationVector":"YRK/3iIEFGYpWbUPI1urf2","action":"Normal GetUpdate request", "result":"", "context":cV=YRK/3iIEFGYpWbUPI1urf2
Nudged types: Sessions}
{"logTime": "1107/074155", "correlationVector":"YRK/3iIEFGYpWbUPI1urf2.1","action":"SyncServerConnectionManagerRequest", "result":"SYNC_SERVER_OK", "context":{"environment":"Prod_SoutheastAsia_000j", "migrationStage":"NotStarted", "server":"GENERAL0300001L"}}
{"logTime": "1107/074155", "correlationVector":"YRK/3iIEFGYpWbUPI1urf2.2","action":"GetUpdates Response", "result":"Success", "context":Received 3 update(s). cV=YRK/3iIEFGYpWbUPI1urf2.0;server=GENERAL0300001L;cloudType=Consumer;environment=Prod_SoutheastAsia_000j;migrationStage=NotStarted}
{"logTime": "1107/074155", "correlationVector":"vHdS1//LLV8tHwnchDsJjg","action":"Commit Request", "result":"", "context":Item count: 2
Contributing types: Sessions}
{"logTime": "1107/074155", "correlationVector":"vHdS1//LLV8tHwnchDsJjg.1","action":"SyncServerConnectionManagerRequest", "result":"SYNC_SERVER_OK", "context":{"environment":"Prod_SoutheastAsia_000j", "migrationStage":"NotStarted", "server":"GENERAL0100000X"}}
{"logTime": "1107/074155", "correlationVector":"vHdS1//LLV8tHwnchDsJjg.2","action":"Commit Response", "result":"Success", "context":Result: Success. cV=vHdS1//LLV8tHwnchDsJjg.0;server=GENERAL0100000X;cloudType=Consumer;environment=Prod_SoutheastAsia_000j;migrationStage=NotStarted}
{"logTime": "1107/074155", "correlationVector":"vHdS1//LLV8tHwnchDsJjg.3","action":"Commit.Sessions", "result":"Success", "context":{"id":"81171330-3362-471f-be32-c3260aa0c284", "isDeleted":"true", "size":"0", "version":"1730965286748"}}
{"logTime": "1107/074254", "correlationVector":"a5jyLf/o1Fc31L41DA4Esi","action":"Commit Request", "result":"", "context":Item count: 2
Contributing types: Preferences, Edge Hub App Usage}
{"logTime": "1107/074254", "correlationVector":"a5jyLf/o1Fc31L41DA4Esi.1","action":"SyncServerConnectionManagerRequest", "result":"SYNC_SERVER_OK", "context":{"environment":"Prod_SoutheastAsia_000j", "migrationStage":"NotStarted", "server":"GENERAL0100000V"}}
{"logTime": "1107/074254", "correlationVector":"a5jyLf/o1Fc31L41DA4Esi.2","action":"Commit Response", "result":"Success", "context":Result: Success. cV=a5jyLf/o1Fc31L41DA4Esi.0;server=GENERAL0100000V;cloudType=Consumer;environment=Prod_SoutheastAsia_000j;migrationStage=NotStarted}
{"logTime": "1107/074300", "correlationVector":"h4XoTf84fxFMV3AYbiJpyV","action":"Commit Request", "result":"", "context":Item count: 1
Contributing types: Preferences}
{"logTime": "1107/074301", "correlationVector":"h4XoTf84fxFMV3AYbiJpyV.1","action":"SyncServerConnectionManagerRequest", "result":"SYNC_SERVER_OK", "context":{"environment":"Prod_SoutheastAsia_000j", "migrationStage":"NotStarted", "server":"GENERAL03000014"}}
{"logTime": "1107/074301", "correlationVector":"h4XoTf84fxFMV3AYbiJpyV.2","action":"Commit Response", "result":"Success", "context":Result: Success. cV=h4XoTf84fxFMV3AYbiJpyV.0;server=GENERAL03000014;cloudType=Consumer;environment=Prod_SoutheastAsia_000j;migrationStage=NotStarted}
{"logTime": "1107/074354", "correlationVector":"ORnTqkP6yxz2TtmMefZ7Dz","action":"Commit Request", "result":"", "context":Item count: 2
Contributing types: Sessions, Edge Hub App Usage}
{"logTime": "1107/074354", "correlationVector":"ORnTqkP6yxz2TtmMefZ7Dz.1","action":"SyncServerConnectionManagerRequest", "result":"SYNC_SERVER_OK", "context":{"environment":"Prod_SoutheastAsia_000j", "migrationStage":"NotStarted", "server":"GENERAL0300001R"}}
{"logTime": "1107/074354", "correlationVector":"ORnTqkP6yxz2TtmMefZ7Dz.2","action":"Commit Response", "result":"Success", "context":Result: Success. cV=ORnTqkP6yxz2TtmMefZ7Dz.0;server=GENERAL0300001R;cloudType=Consumer;environment=Prod_SoutheastAsia_000j;migrationStage=NotStarted}
{"logTime": "1107/074619", "correlationVector":"v6MnKGtF4JI/7fnJyQgFVr","action":"Normal GetUpdate request", "result":"", "context":cV=v6MnKGtF4JI/7fnJyQgFVr
Refresh requested types: Bookmarks, Preferences, Passwords, Autofill Profiles, Autofill, Typed URLs, Extensions, Sessions, Extension settings, History Delete Directives, Device Info, User Consents, Send Tab To Self, Web Apps, Collection, Edge E Drop, Edge Hub App Usage, Edge Tab Group, Edge Wallet, Encryption Keys}
{"logTime": "1107/074620", "correlationVector":"v6MnKGtF4JI/7fnJyQgFVr.1","action":"SyncServerConnectionManagerRequest", "result":"SYNC_SERVER_OK", "context":{"environment":"Prod_SoutheastAsia_000j", "migrationStage":"NotStarted", "server":"GENERAL0100000V"}}
{"logTime": "1107/074620", "correlationVector":"v6MnKGtF4JI/7fnJyQgFVr.2","action":"GetUpdates", "result":"DeleteReceived", "context":{"id":"81171330-3362-471f-be32-c3260aa0c284", "isDeleted:":"true", "version":"1730965317044"}}
{"logTime": "1107/074620", "correlationVector":"v6MnKGtF4JI/7fnJyQgFVr.3","action":"GetUpdates Response", "result":"Success", "context":Received 6 update(s). cV=v6MnKGtF4JI/7fnJyQgFVr.0;server=GENERAL0100000V;cloudType=Consumer;environment=Prod_SoutheastAsia_000j;migrationStage=NotStarted}
{"logTime": "1107/074827", "correlationVector":"1E5D66PKJXPEhtzrTv9jXj","action":"Commit Request", "result":"", "context":Item count: 1
Contributing types: Sessions}
{"logTime": "1107/074827", "correlationVector":"1E5D66PKJXPEhtzrTv9jXj.1","action":"SyncServerConnectionManagerRequest", "result":"SYNC_SERVER_OK", "context":{"environment":"Prod_SoutheastAsia_000j", "migrationStage":"NotStarted", "server":"GENERAL01000007"}}
{"logTime": "1107/074827", "correlationVector":"1E5D66PKJXPEhtzrTv9jXj.2","action":"Commit Response", "result":"Success", "context":Result: Success. cV=1E5D66PKJXPEhtzrTv9jXj.0;server=GENERAL01000007;cloudType=Consumer;environment=Prod_SoutheastAsia_000j;migrationStage=NotStarted}
{"logTime": "1107/074922", "correlationVector":"mtW6Tjg5WPUlsBQoJ4gzrs","action":"Commit Request", "result":"", "context":Item count: 2
Contributing types: Sessions, Edge Hub App Usage}
{"logTime": "1107/074922", "correlationVector":"mtW6Tjg5WPUlsBQoJ4gzrs.1","action":"SyncServerConnectionManagerRequest", "result":"SYNC_SERVER_OK", "context":{"environment":"Prod_SoutheastAsia_000j", "migrationStage":"NotStarted", "server":"GENERAL0300001U"}}
{"logTime": "1107/074922", "correlationVector":"mtW6Tjg5WPUlsBQoJ4gzrs.2","action":"Commit Response", "result":"Success", "context":Result: Success. cV=mtW6Tjg5WPUlsBQoJ4gzrs.0;server=GENERAL0300001U;cloudType=Consumer;environment=Prod_SoutheastAsia_000j;migrationStage=NotStarted}
{"logTime": "1107/075231", "correlationVector":"HNYDRLGLVsfDuZLOKko6UW","action":"Commit Request", "result":"", "context":Item count: 1
Contributing types: Sessions}
{"logTime": "1107/075232", "correlationVector":"HNYDRLGLVsfDuZLOKko6UW.1","action":"SyncServerConnectionManagerRequest", "result":"SYNC_SERVER_OK", "context":{"environment":"Prod_SoutheastAsia_000j", "migrationStage":"NotStarted", "server":"GENERAL0300002D"}}
{"logTime": "1107/075232", "correlationVector":"HNYDRLGLVsfDuZLOKko6UW.2","action":"Commit Response", "result":"Success", "context":Result: Success. cV=HNYDRLGLVsfDuZLOKko6UW.0;server=GENERAL0300002D;cloudType=Consumer;environment=Prod_SoutheastAsia_000j;migrationStage=NotStarted}
{"logTime": "1107/075305", "correlationVector":"DgEef9wqV7ASJvWsUarU6I","action":"Commit Request", "result":"", "context":Item count: 1
Contributing types: Sessions}
{"logTime": "1107/075305", "correlationVector":"DgEef9wqV7ASJvWsUarU6I.1","action":"SyncServerConnectionManagerRequest", "result":"SYNC_SERVER_OK", "context":{"environment":"Prod_SoutheastAsia_000j", "migrationStage":"NotStarted", "server":"GENERAL01000012"}}
{"logTime": "1107/075305", "correlationVector":"DgEef9wqV7ASJvWsUarU6I.2","action":"Commit Response", "result":"Success", "context":Result: Success. cV=DgEef9wqV7ASJvWsUarU6I.0;server=GENERAL01000012;cloudType=Consumer;environment=Prod_SoutheastAsia_000j;migrationStage=NotStarted}
